[13:15:42] ⚽ CFM chat v4.3 — écoute sur le port 8927 (page OK)
/home/fd/Bureau/arena.ia/serveur_cfm.py:142: DeprecationWarning: Callback API version 1 is deprecated, update to latest version
  c = mqtt_lib.Client(mqtt_lib.CallbackAPIVersion.VERSION1,
[13:15:43] 🌐 pont MQTT connecté : broker.emqx.io
[13:15:43] 🌐 pont MQTT connecté : broker.hivemq.com
[13:15:54] 🌐 pont MQTT délai dépassé : test.mosquitto.org
[13:16:07] 🌐 pont MQTT délai dépassé : test.mosquitto.org
[13:16:20] 🌐 pont MQTT délai dépassé : test.mosquitto.org
[13:16:33] 🌐 pont MQTT délai dépassé : test.mosquitto.org
[13:16:46] 🌐 pont MQTT délai dépassé : test.mosquitto.org
[13:16:49] 📡 abonné SSE depuis 127.0.0.1
[13:16:57] 📡 abonné SSE depuis 127.0.0.1
[13:16:59] 🌐 pont MQTT délai dépassé : test.mosquitto.org
[13:17:06] 💬 e: ee  (2 abonnés)
[13:17:12] 🌐 pont MQTT délai dépassé : test.mosquitto.org
[13:17:24] 🌐 pont MQTT délai dépassé : test.mosquitto.org
[13:17:37] 🌐 pont MQTT délai dépassé : test.mosquitto.org
[13:17:46] 📴 abonné parti (1 restants)
[13:17:50] 🌐 pont MQTT délai dépassé : test.mosquitto.org
[13:18:03] 🌐 pont MQTT délai dépassé : test.mosquitto.org
[13:18:06] 📴 abonné parti (0 restants)
[13:18:16] 🌐 pont MQTT délai dépassé : test.mosquitto.org
[13:18:29] 🌐 pont MQTT délai dépassé : test.mosquitto.org
[13:18:41] 🌐 pont MQTT délai dépassé : test.mosquitto.org
[13:18:54] 🌐 pont MQTT délai dépassé : test.mosquitto.org
[13:19:07] 🌐 pont MQTT délai dépassé : test.mosquitto.org
[13:19:20] 🌐 pont MQTT délai dépassé : test.mosquitto.org
[13:19:33] 🌐 pont MQTT délai dépassé : test.mosquitto.org
[13:19:46] 🌐 pont MQTT délai dépassé : test.mosquitto.org
[13:19:58] 🌐 pont MQTT délai dépassé : test.mosquitto.org
[13:20:11] 🌐 pont MQTT délai dépassé : test.mosquitto.org
[13:20:24] 🌐 pont MQTT délai dépassé : test.mosquitto.org
[13:20:37] 🌐 pont MQTT délai dépassé : test.mosquitto.org
[13:20:50] 🌐 pont MQTT délai dépassé : test.mosquitto.org
[13:21:03] 🌐 pont MQTT délai dépassé : test.mosquitto.org
[13:21:15] 🌐 pont MQTT délai dépassé : test.mosquitto.org
[13:21:28] 🌐 pont MQTT délai dépassé : test.mosquitto.org
[13:21:41] 🌐 pont MQTT délai dépassé : test.mosquitto.org
[13:21:54] 🌐 pont MQTT délai dépassé : test.mosquitto.org
[13:22:07] 🌐 pont MQTT délai dépassé : test.mosquitto.org
[13:22:20] 🌐 pont MQTT délai dépassé : test.mosquitto.org
[13:22:32] 🌐 pont MQTT délai dépassé : test.mosquitto.org
[13:22:45] 🌐 pont MQTT délai dépassé : test.mosquitto.org
[13:22:58] 🌐 pont MQTT délai dépassé : test.mosquitto.org
[13:23:11] 🌐 pont MQTT délai dépassé : test.mosquitto.org
[13:23:24] 🌐 pont MQTT délai dépassé : test.mosquitto.org
[13:23:36] 🌐 pont MQTT délai dépassé : test.mosquitto.org
[13:23:49] 🌐 pont MQTT délai dépassé : test.mosquitto.org
[13:24:02] 🌐 pont MQTT délai dépassé : test.mosquitto.org
[13:24:15] 🌐 pont MQTT délai dépassé : test.mosquitto.org
[13:24:20] 🌐 pont MQTT connecté : test.mosquitto.org
